5DELETE FROM heroes WHERE id = '4')DELETE FROM heroes WHERE id = '4')DELETE FROM heroes WHERE id = '4')DELETE FROM heroes WHERE id = '4')